// Jest Snapshot v1, https://goo.gl/fbAQLP

exports[`user matches 1`] = `
Object {
  "age": 22,
  "name": "leo",
  "sex": "M",
}
`;
